<?xml version="1.0"?>
<link_info>
   <banner>TI ARM Linker PC v5.1.1</banner>
   <copyright>Copyright (c) 1996-2013 Texas Instruments Incorporated</copyright>
   <link_time>0x52a7b982</link_time>
   <link_errors>0x0</link_errors>
   <output_file>Team_14-Nguyen_Povolotskaya.out</output_file>
   <entry_point>
      <name>_c_int00</name>
      <address>0x2fcd</address>
   </entry_point>
   <input_file_list>
      <input_file id="fl-2">
         <path>.\usr_include\</path>
         <kind>object</kind>
         <file>usr_uart.obj</file>
         <name>usr_uart.obj</name>
      </input_file>
      <input_file id="fl-3">
         <path>.\usr_include\</path>
         <kind>object</kind>
         <file>ultrasonic.obj</file>
         <name>ultrasonic.obj</name>
      </input_file>
      <input_file id="fl-4">
         <path>.\usr_include\</path>
         <kind>object</kind>
         <file>shaft_encoder.obj</file>
         <name>shaft_encoder.obj</name>
      </input_file>
      <input_file id="fl-5">
         <path>.\usr_include\</path>
         <kind>object</kind>
         <file>motor.obj</file>
         <name>motor.obj</name>
      </input_file>
      <input_file id="fl-6">
         <path>.\usr_include\</path>
         <kind>object</kind>
         <file>modbus.obj</file>
         <name>modbus.obj</name>
      </input_file>
      <input_file id="fl-7">
         <path>.\usr_include\</path>
         <kind>object</kind>
         <file>line.obj</file>
         <name>line.obj</name>
      </input_file>
      <input_file id="fl-8">
         <path>.\usr_include\</path>
         <kind>object</kind>
         <file>functions.obj</file>
         <name>functions.obj</name>
      </input_file>
      <input_file id="fl-9">
         <path>.\usr_include\</path>
         <kind>object</kind>
         <file>color.obj</file>
         <name>color.obj</name>
      </input_file>
      <input_file id="fl-a">
         <path>.\usr_include\</path>
         <kind>object</kind>
         <file>cmd_interp.obj</file>
         <name>cmd_interp.obj</name>
      </input_file>
      <input_file id="fl-b">
         <path>.\usr_include\</path>
         <kind>object</kind>
         <file>IRdist.obj</file>
         <name>IRdist.obj</name>
      </input_file>
      <input_file id="fl-c">
         <path>.\utils\</path>
         <kind>object</kind>
         <file>uartstdio.obj</file>
         <name>uartstdio.obj</name>
      </input_file>
      <input_file id="fl-d">
         <path>.\</path>
         <kind>object</kind>
         <file>main.obj</file>
         <name>main.obj</name>
      </input_file>
      <input_file id="fl-e">
         <path>.\</path>
         <kind>object</kind>
         <file>lm4f120h5qr_startup_ccs.obj</file>
         <name>lm4f120h5qr_startup_ccs.obj</name>
      </input_file>
      <input_file id="fl-13c">
         <path>C:\ti\ccsv5\tools\compiler\arm_5.1.1\lib\</path>
         <kind>archive</kind>
         <file>rtsv7M4_T_le_v4SPD16_eabi.lib</file>
         <name>boot.obj</name>
      </input_file>
      <input_file id="fl-13d">
         <path>C:\ti\ccsv5\tools\compiler\arm_5.1.1\lib\</path>
         <kind>archive</kind>
         <file>rtsv7M4_T_le_v4SPD16_eabi.lib</file>
         <name>copy_decompress_none.obj</name>
      </input_file>
      <input_file id="fl-13e">
         <path>C:\ti\ccsv5\tools\compiler\arm_5.1.1\lib\</path>
         <kind>archive</kind>
         <file>rtsv7M4_T_le_v4SPD16_eabi.lib</file>
         <name>copy_decompress_rle.obj</name>
      </input_file>
      <input_file id="fl-13f">
         <path>C:\ti\ccsv5\tools\compiler\arm_5.1.1\lib\</path>
         <kind>archive</kind>
         <file>rtsv7M4_T_le_v4SPD16_eabi.lib</file>
         <name>copy_zero_init.obj</name>
      </input_file>
      <input_file id="fl-140">
         <path>C:\ti\ccsv5\tools\compiler\arm_5.1.1\lib\</path>
         <kind>archive</kind>
         <file>rtsv7M4_T_le_v4SPD16_eabi.lib</file>
         <name>exit.obj</name>
      </input_file>
      <input_file id="fl-141">
         <path>C:\ti\ccsv5\tools\compiler\arm_5.1.1\lib\</path>
         <kind>archive</kind>
         <file>rtsv7M4_T_le_v4SPD16_eabi.lib</file>
         <name>memcpy_t2.obj</name>
      </input_file>
      <input_file id="fl-142">
         <path>C:\ti\ccsv5\tools\compiler\arm_5.1.1\lib\</path>
         <kind>archive</kind>
         <file>rtsv7M4_T_le_v4SPD16_eabi.lib</file>
         <name>stkdepth_vars.obj</name>
      </input_file>
      <input_file id="fl-143">
         <path>C:\ti\ccsv5\tools\compiler\arm_5.1.1\lib\</path>
         <kind>archive</kind>
         <file>rtsv7M4_T_le_v4SPD16_eabi.lib</file>
         <name>u_divt2.obj</name>
      </input_file>
      <input_file id="fl-144">
         <path>C:\ti\ccsv5\tools\compiler\arm_5.1.1\lib\</path>
         <kind>archive</kind>
         <file>rtsv7M4_T_le_v4SPD16_eabi.lib</file>
         <name>_lock.obj</name>
      </input_file>
      <input_file id="fl-145">
         <path>C:\ti\ccsv5\tools\compiler\arm_5.1.1\lib\</path>
         <kind>archive</kind>
         <file>rtsv7M4_T_le_v4SPD16_eabi.lib</file>
         <name>args_main.obj</name>
      </input_file>
      <input_file id="fl-146">
         <path>C:\ti\ccsv5\tools\compiler\arm_5.1.1\lib\</path>
         <kind>archive</kind>
         <file>rtsv7M4_T_le_v4SPD16_eabi.lib</file>
         <name>auto_init.obj</name>
      </input_file>
      <input_file id="fl-147">
         <path>C:\ti\ccsv5\tools\compiler\arm_5.1.1\lib\</path>
         <kind>archive</kind>
         <file>rtsv7M4_T_le_v4SPD16_eabi.lib</file>
         <name>cpy_tbl.obj</name>
      </input_file>
      <input_file id="fl-148">
         <path>C:\StellarisWare\driverlib\ccs-cm4f\Debug\</path>
         <kind>archive</kind>
         <file>driverlib-cm4f.lib</file>
         <name>uart.obj</name>
      </input_file>
      <input_file id="fl-149">
         <path>C:\StellarisWare\driverlib\ccs-cm4f\Debug\</path>
         <kind>archive</kind>
         <file>driverlib-cm4f.lib</file>
         <name>timer.obj</name>
      </input_file>
      <input_file id="fl-14a">
         <path>C:\StellarisWare\driverlib\ccs-cm4f\Debug\</path>
         <kind>archive</kind>
         <file>driverlib-cm4f.lib</file>
         <name>systick.obj</name>
      </input_file>
      <input_file id="fl-14b">
         <path>C:\StellarisWare\driverlib\ccs-cm4f\Debug\</path>
         <kind>archive</kind>
         <file>driverlib-cm4f.lib</file>
         <name>sysctl.obj</name>
      </input_file>
      <input_file id="fl-14c">
         <path>C:\StellarisWare\driverlib\ccs-cm4f\Debug\</path>
         <kind>archive</kind>
         <file>driverlib-cm4f.lib</file>
         <name>interrupt.obj</name>
      </input_file>
      <input_file id="fl-14d">
         <path>C:\StellarisWare\driverlib\ccs-cm4f\Debug\</path>
         <kind>archive</kind>
         <file>driverlib-cm4f.lib</file>
         <name>gpio.obj</name>
      </input_file>
      <input_file id="fl-14e">
         <path>C:\StellarisWare\driverlib\ccs-cm4f\Debug\</path>
         <kind>archive</kind>
         <file>driverlib-cm4f.lib</file>
         <name>cpu.obj</name>
      </input_file>
      <input_file id="fl-14f">
         <path>C:\StellarisWare\driverlib\ccs-cm4f\Debug\</path>
         <kind>archive</kind>
         <file>driverlib-cm4f.lib</file>
         <name>adc.obj</name>
      </input_file>
   </input_file_list>
   <object_component_list>
      <object_component id="oc-e">
         <name>.intvecs</name>
         <load_address>0x0</load_address>
         <run_address>0x0</run_address>
         <size>0x26c</size>
         <input_file_ref idref="fl-e"/>
      </object_component>
      <object_component id="oc-33">
         <name>.text</name>
         <load_address>0x26c</load_address>
         <run_address>0x26c</run_address>
         <size>0xd98</size>
         <input_file_ref idref="fl-8"/>
      </object_component>
      <object_component id="oc-1bd">
         <name>.text</name>
         <load_address>0x1004</load_address>
         <run_address>0x1004</run_address>
         <size>0x704</size>
         <input_file_ref idref="fl-a"/>
      </object_component>
      <object_component id="oc-98">
         <name>.text</name>
         <load_address>0x1708</load_address>
         <run_address>0x1708</run_address>
         <size>0x4a8</size>
         <input_file_ref idref="fl-c"/>
      </object_component>
      <object_component id="oc-29">
         <name>.text</name>
         <load_address>0x1bb0</load_address>
         <run_address>0x1bb0</run_address>
         <size>0x348</size>
         <input_file_ref idref="fl-9"/>
      </object_component>
      <object_component id="oc-2e">
         <name>.text</name>
         <load_address>0x1ef8</load_address>
         <run_address>0x1ef8</run_address>
         <size>0x328</size>
         <input_file_ref idref="fl-5"/>
      </object_component>
      <object_component id="oc-87">
         <name>.text:SysCtlClockGet</name>
         <load_address>0x2220</load_address>
         <run_address>0x2220</run_address>
         <size>0x1d8</size>
         <input_file_ref idref="fl-14b"/>
      </object_component>
      <object_component id="oc-1b8">
         <name>.text</name>
         <load_address>0x23f8</load_address>
         <run_address>0x23f8</run_address>
         <size>0x14e</size>
         <input_file_ref idref="fl-6"/>
      </object_component>
      <object_component id="oc-16b">
         <name>.text:SysCtlClockSet</name>
         <load_address>0x2548</load_address>
         <run_address>0x2548</run_address>
         <size>0x13c</size>
         <input_file_ref idref="fl-14b"/>
      </object_component>
      <object_component id="oc-db">
         <name>.text</name>
         <load_address>0x2684</load_address>
         <run_address>0x2684</run_address>
         <size>0x11c</size>
         <input_file_ref idref="fl-3"/>
      </object_component>
      <object_component id="oc-cd">
         <name>.text</name>
         <load_address>0x27a0</load_address>
         <run_address>0x27a0</run_address>
         <size>0xf0</size>
         <input_file_ref idref="fl-4"/>
      </object_component>
      <object_component id="oc-1af">
         <name>.text</name>
         <load_address>0x2890</load_address>
         <run_address>0x2890</run_address>
         <size>0xd0</size>
         <input_file_ref idref="fl-2"/>
      </object_component>
      <object_component id="oc-d2">
         <name>.text</name>
         <load_address>0x2960</load_address>
         <run_address>0x2960</run_address>
         <size>0xcc</size>
         <input_file_ref idref="fl-7"/>
      </object_component>
      <object_component id="oc-125">
         <name>.text:GPIOPadConfigSet</name>
         <load_address>0x2a2c</load_address>
         <run_address>0x2a2c</run_address>
         <size>0xc8</size>
         <input_file_ref idref="fl-14d"/>
      </object_component>
      <object_component id="oc-4c">
         <name>.text</name>
         <load_address>0x2af4</load_address>
         <run_address>0x2af4</run_address>
         <size>0x9c</size>
         <input_file_ref idref="fl-141"/>
      </object_component>
      <object_component id="oc-3b">
         <name>.text</name>
         <load_address>0x2b90</load_address>
         <run_address>0x2b90</run_address>
         <size>0x94</size>
         <input_file_ref idref="fl-146"/>
      </object_component>
      <object_component id="oc-c8">
         <name>.text</name>
         <load_address>0x2c24</load_address>
         <run_address>0x2c24</run_address>
         <size>0x88</size>
         <input_file_ref idref="fl-b"/>
      </object_component>
      <object_component id="oc-13d">
         <name>.text:SysCtlPeripheralPresent</name>
         <load_address>0x2cac</load_address>
         <run_address>0x2cac</run_address>
         <size>0x78</size>
         <input_file_ref idref="fl-14b"/>
      </object_component>
      <object_component id="oc-fc">
         <name>.text</name>
         <load_address>0x2d24</load_address>
         <run_address>0x2d24</run_address>
         <size>0x74</size>
         <input_file_ref idref="fl-d"/>
      </object_component>
      <object_component id="oc-177">
         <name>.text:ADCSequenceStepConfigure</name>
         <load_address>0x2d98</load_address>
         <run_address>0x2d98</run_address>
         <size>0x6c</size>
         <input_file_ref idref="fl-14f"/>
      </object_component>
      <object_component id="oc-8c">
         <name>.text:IntDisable</name>
         <load_address>0x2e04</load_address>
         <run_address>0x2e04</run_address>
         <size>0x64</size>
         <input_file_ref idref="fl-14c"/>
      </object_component>
      <object_component id="oc-83">
         <name>.text:IntEnable</name>
         <load_address>0x2e68</load_address>
         <run_address>0x2e68</run_address>
         <size>0x64</size>
         <input_file_ref idref="fl-14c"/>
      </object_component>
      <object_component id="oc-5e">
         <name>.text</name>
         <load_address>0x2ecc</load_address>
         <run_address>0x2ecc</run_address>
         <size>0x5e</size>
         <input_file_ref idref="fl-13e"/>
      </object_component>
      <object_component id="oc-6b">
         <name>.text:SysCtlPeripheralEnable</name>
         <load_address>0x2f2c</load_address>
         <run_address>0x2f2c</run_address>
         <size>0x58</size>
         <input_file_ref idref="fl-14b"/>
      </object_component>
      <object_component id="oc-226">
         <name>.text:GPIOPinConfigure</name>
         <load_address>0x2f84</load_address>
         <run_address>0x2f84</run_address>
         <size>0x48</size>
         <input_file_ref idref="fl-14d"/>
      </object_component>
      <object_component id="oc-10">
         <name>.text</name>
         <load_address>0x2fcc</load_address>
         <run_address>0x2fcc</run_address>
         <size>0x48</size>
         <input_file_ref idref="fl-13c"/>
      </object_component>
      <object_component id="oc-7b">
         <name>.text:GPIOIntTypeSet</name>
         <load_address>0x3014</load_address>
         <run_address>0x3014</run_address>
         <size>0x44</size>
         <input_file_ref idref="fl-14d"/>
      </object_component>
      <object_component id="oc-f6">
         <name>.text</name>
         <load_address>0x3058</load_address>
         <run_address>0x3058</run_address>
         <size>0x44</size>
         <input_file_ref idref="fl-147"/>
      </object_component>
      <object_component id="oc-44">
         <name>.text</name>
         <load_address>0x309c</load_address>
         <run_address>0x309c</run_address>
         <size>0x44</size>
         <input_file_ref idref="fl-140"/>
      </object_component>
      <object_component id="oc-141">
         <name>.text:UARTConfigSetExpClk</name>
         <load_address>0x30e0</load_address>
         <run_address>0x30e0</run_address>
         <size>0x42</size>
         <input_file_ref idref="fl-148"/>
      </object_component>
      <object_component id="oc-155">
         <name>.text</name>
         <load_address>0x3122</load_address>
         <run_address>0x3122</run_address>
         <size>0x42</size>
         <input_file_ref idref="fl-143"/>
      </object_component>
      <object_component id="oc-191">
         <name>.text:TimerIntRegister</name>
         <load_address>0x3164</load_address>
         <run_address>0x3164</run_address>
         <size>0x36</size>
         <input_file_ref idref="fl-149"/>
      </object_component>
      <object_component id="oc-212">
         <name>.text:IntRegister</name>
         <load_address>0x319c</load_address>
         <run_address>0x319c</run_address>
         <size>0x34</size>
         <input_file_ref idref="fl-14c"/>
      </object_component>
      <object_component id="oc-187">
         <name>.text:ADCIntStatus</name>
         <load_address>0x31d0</load_address>
         <run_address>0x31d0</run_address>
         <size>0x2e</size>
         <input_file_ref idref="fl-14f"/>
      </object_component>
      <object_component id="oc-129">
         <name>.text:GPIODirModeSet</name>
         <load_address>0x31fe</load_address>
         <run_address>0x31fe</run_address>
         <size>0x2e</size>
         <input_file_ref idref="fl-14d"/>
      </object_component>
      <object_component id="oc-173">
         <name>.text:ADCSequenceConfigure</name>
         <load_address>0x322c</load_address>
         <run_address>0x322c</run_address>
         <size>0x2a</size>
         <input_file_ref idref="fl-14f"/>
      </object_component>
      <object_component id="oc-a9">
         <name>.text:TimerConfigure</name>
         <load_address>0x3258</load_address>
         <run_address>0x3258</run_address>
         <size>0x28</size>
         <input_file_ref idref="fl-149"/>
      </object_component>
      <object_component id="oc-18b">
         <name>.text:ADCSequenceDataGet</name>
         <load_address>0x3280</load_address>
         <run_address>0x3280</run_address>
         <size>0x20</size>
         <input_file_ref idref="fl-14f"/>
      </object_component>
      <object_component id="oc-20e">
         <name>.text:TimerIntNumberGet</name>
         <load_address>0x32a0</load_address>
         <run_address>0x32a0</run_address>
         <size>0x20</size>
         <input_file_ref idref="fl-149"/>
      </object_component>
      <object_component id="oc-1ea">
         <name>.text:UARTDisable</name>
         <load_address>0x32c0</load_address>
         <run_address>0x32c0</run_address>
         <size>0x1c</size>
         <input_file_ref idref="fl-148"/>
      </object_component>
      <object_component id="oc-3f">
         <name>.text</name>
         <load_address>0x32dc</load_address>
         <run_address>0x32dc</run_address>
         <size>0x18</size>
         <input_file_ref idref="fl-145"/>
      </object_component>
      <object_component id="oc-183">
         <name>.text:ADCProcessorTrigger</name>
         <load_address>0x32f4</load_address>
         <run_address>0x32f4</run_address>
         <size>0x16</size>
         <input_file_ref idref="fl-14f"/>
      </object_component>
      <object_component id="oc-1a2">
         <name>.text:SysTickEnable</name>
         <load_address>0x330c</load_address>
         <run_address>0x330c</run_address>
         <size>0x14</size>
         <input_file_ref idref="fl-14a"/>
      </object_component>
      <object_component id="oc-145">
         <name>.text:UARTEnable</name>
         <load_address>0x3320</load_address>
         <run_address>0x3320</run_address>
         <size>0x14</size>
         <input_file_ref idref="fl-148"/>
      </object_component>
      <object_component id="oc-1cb">
         <name>.text</name>
         <load_address>0x3334</load_address>
         <run_address>0x3334</run_address>
         <size>0x14</size>
         <input_file_ref idref="fl-144"/>
      </object_component>
      <object_component id="oc-16f">
         <name>.text:GPIOPinTypeADC</name>
         <load_address>0x3348</load_address>
         <run_address>0x3348</run_address>
         <size>0x12</size>
         <input_file_ref idref="fl-14d"/>
      </object_component>
      <object_component id="oc-73">
         <name>.text:GPIOPinTypeGPIOInput</name>
         <load_address>0x335a</load_address>
         <run_address>0x335a</run_address>
         <size>0x12</size>
         <input_file_ref idref="fl-14d"/>
      </object_component>
      <object_component id="oc-6f">
         <name>.text:GPIOPinTypeGPIOOutput</name>
         <load_address>0x336c</load_address>
         <run_address>0x336c</run_address>
         <size>0x12</size>
         <input_file_ref idref="fl-14d"/>
      </object_component>
      <object_component id="oc-22a">
         <name>.text:GPIOPinTypeUART</name>
         <load_address>0x337e</load_address>
         <run_address>0x337e</run_address>
         <size>0x12</size>
         <input_file_ref idref="fl-14d"/>
      </object_component>
      <object_component id="oc-ad">
         <name>.text:TimerLoadSet</name>
         <load_address>0x3390</load_address>
         <run_address>0x3390</run_address>
         <size>0x12</size>
         <input_file_ref idref="fl-149"/>
      </object_component>
      <object_component id="oc-19">
         <name>.text:decompress:ZI</name>
         <load_address>0x33a2</load_address>
         <run_address>0x33a2</run_address>
         <size>0x12</size>
         <input_file_ref idref="fl-13f"/>
      </object_component>
      <object_component id="oc-19e">
         <name>.text:SysTickPeriodSet</name>
         <load_address>0x33b4</load_address>
         <run_address>0x33b4</run_address>
         <size>0x10</size>
         <input_file_ref idref="fl-14a"/>
      </object_component>
      <object_component id="oc-17b">
         <name>.text:ADCSequenceEnable</name>
         <load_address>0x33c4</load_address>
         <run_address>0x33c4</run_address>
         <size>0xe</size>
         <input_file_ref idref="fl-14f"/>
      </object_component>
      <object_component id="oc-94">
         <name>.text:GPIOPinIntDisable</name>
         <load_address>0x33d2</load_address>
         <run_address>0x33d2</run_address>
         <size>0xe</size>
         <input_file_ref idref="fl-14d"/>
      </object_component>
      <object_component id="oc-b5">
         <name>.text:TimerEnable</name>
         <load_address>0x33e0</load_address>
         <run_address>0x33e0</run_address>
         <size>0xe</size>
         <input_file_ref idref="fl-149"/>
      </object_component>
      <object_component id="oc-14">
         <name>.text:decompress:none</name>
         <load_address>0x33ee</load_address>
         <run_address>0x33ee</run_address>
         <size>0xe</size>
         <input_file_ref idref="fl-13d"/>
      </object_component>
      <object_component id="oc-230">
         <name>.text:CPUcpsie</name>
         <load_address>0x33fc</load_address>
         <run_address>0x33fc</run_address>
         <size>0xc</size>
         <input_file_ref idref="fl-14e"/>
      </object_component>
      <object_component id="oc-7f">
         <name>.text:GPIOPinIntEnable</name>
         <load_address>0x3408</load_address>
         <run_address>0x3408</run_address>
         <size>0xc</size>
         <input_file_ref idref="fl-14d"/>
      </object_component>
      <object_component id="oc-1a6">
         <name>.text:SysTickValueGet</name>
         <load_address>0x3414</load_address>
         <run_address>0x3414</run_address>
         <size>0xc</size>
         <input_file_ref idref="fl-14a"/>
      </object_component>
      <object_component id="oc-24">
         <name>.text</name>
         <load_address>0x3420</load_address>
         <run_address>0x3420</run_address>
         <size>0xc</size>
         <input_file_ref idref="fl-e"/>
      </object_component>
      <object_component id="oc-17f">
         <name>.text:ADCIntClear</name>
         <load_address>0x342c</load_address>
         <run_address>0x342c</run_address>
         <size>0xa</size>
         <input_file_ref idref="fl-14f"/>
      </object_component>
      <object_component id="oc-bd">
         <name>.text:GPIOPinRead</name>
         <load_address>0x3436</load_address>
         <run_address>0x3436</run_address>
         <size>0xa</size>
         <input_file_ref idref="fl-14d"/>
      </object_component>
      <object_component id="oc-77">
         <name>.text:GPIOPinWrite</name>
         <load_address>0x3440</load_address>
         <run_address>0x3440</run_address>
         <size>0xa</size>
         <input_file_ref idref="fl-14d"/>
      </object_component>
      <object_component id="oc-1b4">
         <name>.text:IntMasterEnable</name>
         <load_address>0x344a</load_address>
         <run_address>0x344a</run_address>
         <size>0xa</size>
         <input_file_ref idref="fl-14c"/>
      </object_component>
      <object_component id="oc-14d">
         <name>.text:UARTCharGet</name>
         <load_address>0x3454</load_address>
         <run_address>0x3454</run_address>
         <size>0xa</size>
         <input_file_ref idref="fl-148"/>
      </object_component>
      <object_component id="oc-149">
         <name>.text:UARTCharPut</name>
         <load_address>0x345e</load_address>
         <run_address>0x345e</run_address>
         <size>0xa</size>
         <input_file_ref idref="fl-148"/>
      </object_component>
      <object_component id="oc-b1">
         <name>.text:TimerIntEnable</name>
         <load_address>0x3468</load_address>
         <run_address>0x3468</run_address>
         <size>0x8</size>
         <input_file_ref idref="fl-149"/>
      </object_component>
      <object_component id="oc-90">
         <name>.text:GPIOPinIntClear</name>
         <load_address>0x3470</load_address>
         <run_address>0x3470</run_address>
         <size>0x6</size>
         <input_file_ref idref="fl-14d"/>
      </object_component>
      <object_component id="oc-8b">
         <name>.text:SysCtlDelay</name>
         <load_address>0x3476</load_address>
         <run_address>0x3476</run_address>
         <size>0x6</size>
         <input_file_ref idref="fl-14b"/>
      </object_component>
      <object_component id="oc-1e">
         <name>.text:decompress:rle24</name>
         <load_address>0x347c</load_address>
         <run_address>0x347c</run_address>
         <size>0x6</size>
         <input_file_ref idref="fl-13e"/>
      </object_component>
      <object_component id="oc-b9">
         <name>.text:TimerIntClear</name>
         <load_address>0x3482</load_address>
         <run_address>0x3482</run_address>
         <size>0x4</size>
         <input_file_ref idref="fl-149"/>
      </object_component>
      <object_component id="oc-237">
         <name>.const:lookup</name>
         <load_address>0x3488</load_address>
         <run_address>0x3488</run_address>
         <size>0x6f0</size>
         <input_file_ref idref="fl-a"/>
      </object_component>
      <object_component id="oc-250">
         <name>.const:g_pulGPIOBaseAddrs</name>
         <load_address>0x3b78</load_address>
         <run_address>0x3b78</run_address>
         <size>0x78</size>
         <input_file_ref idref="fl-14d"/>
      </object_component>
      <object_component id="oc-133">
         <name>.const</name>
         <load_address>0x3bf0</load_address>
         <run_address>0x3bf0</run_address>
         <size>0x70</size>
         <input_file_ref idref="fl-14c"/>
      </object_component>
      <object_component id="oc-137">
         <name>.const:g_pulXtals</name>
         <load_address>0x3c60</load_address>
         <run_address>0x3c60</run_address>
         <size>0x6c</size>
         <input_file_ref idref="fl-14b"/>
      </object_component>
      <object_component id="oc-248">
         <name>.const:g_ppulTimerIntMap</name>
         <load_address>0x3ccc</load_address>
         <run_address>0x3ccc</run_address>
         <size>0x60</size>
         <input_file_ref idref="fl-149"/>
      </object_component>
      <object_component id="oc-11d">
         <name>.const</name>
         <load_address>0x3d2c</load_address>
         <run_address>0x3d2c</run_address>
         <size>0x40</size>
         <input_file_ref idref="fl-14b"/>
      </object_component>
      <object_component id="oc-151">
         <name>.const</name>
         <load_address>0x3d6c</load_address>
         <run_address>0x3d6c</run_address>
         <size>0x24</size>
         <input_file_ref idref="fl-c"/>
      </object_component>
      <object_component id="oc-1f3">
         <name>.const:.string</name>
         <load_address>0x3d90</load_address>
         <run_address>0x3d90</run_address>
         <size>0x12</size>
         <input_file_ref idref="fl-c"/>
      </object_component>
      <object_component id="oc-287">
         <name>.cinit..data.load</name>
         <load_address>0x3da8</load_address>
         <run_address>0x3da8</run_address>
         <size>0x16</size>
      </object_component>
      <object_component id="oc-284">
         <name>__TI_handler_table</name>
         <load_address>0x3dc0</load_address>
         <run_address>0x3dc0</run_address>
         <size>0xc</size>
      </object_component>
      <object_component id="oc-288">
         <name>.cinit..bss.load</name>
         <load_address>0x3dd0</load_address>
         <run_address>0x3dd0</run_address>
         <size>0x8</size>
      </object_component>
      <object_component id="oc-286">
         <name>.cinit..vtable.load</name>
         <load_address>0x3dd8</load_address>
         <run_address>0x3dd8</run_address>
         <size>0x8</size>
      </object_component>
      <object_component id="oc-285">
         <name>__TI_cinit_table</name>
         <load_address>0x3de0</load_address>
         <run_address>0x3de0</run_address>
         <size>0x18</size>
      </object_component>
      <object_component id="oc-24b">
         <name>.vtable</name>
         <uninitialized>true</uninitialized>
         <run_address>0x20000000</run_address>
         <size>0x26c</size>
         <input_file_ref idref="fl-14c"/>
      </object_component>
      <object_component id="oc-49">
         <name>.data</name>
         <load_address>0x20000af8</load_address>
         <run_address>0x20000af8</run_address>
         <size>0x4</size>
         <input_file_ref idref="fl-142"/>
      </object_component>
      <object_component id="oc-d9">
         <name>.data</name>
         <load_address>0x20000acc</load_address>
         <run_address>0x20000acc</run_address>
         <size>0x8</size>
         <input_file_ref idref="fl-8"/>
      </object_component>
      <object_component id="oc-103">
         <name>.data</name>
         <load_address>0x20000ad4</load_address>
         <run_address>0x20000ad4</run_address>
         <size>0x8</size>
         <input_file_ref idref="fl-144"/>
      </object_component>
      <object_component id="oc-105">
         <name>.data</name>
         <load_address>0x20000adc</load_address>
         <run_address>0x20000adc</run_address>
         <size>0x8</size>
         <input_file_ref idref="fl-140"/>
      </object_component>
      <object_component id="oc-153">
         <name>.data</name>
         <load_address>0x20000aec</load_address>
         <run_address>0x20000aec</run_address>
         <size>0x5</size>
         <input_file_ref idref="fl-c"/>
      </object_component>
      <object_component id="oc-197">
         <name>.data</name>
         <load_address>0x20000ae4</load_address>
         <run_address>0x20000ae4</run_address>
         <size>0x8</size>
         <input_file_ref idref="fl-4"/>
      </object_component>
      <object_component id="oc-1aa">
         <name>.data</name>
         <load_address>0x20000afc</load_address>
         <run_address>0x20000afc</run_address>
         <size>0x4</size>
         <input_file_ref idref="fl-3"/>
      </object_component>
      <object_component id="oc-23a">
         <name>.data</name>
         <load_address>0x20000af4</load_address>
         <run_address>0x20000af4</run_address>
         <size>0x4</size>
         <input_file_ref idref="fl-a"/>
      </object_component>
      <object_component id="oc-195">
         <name>.common:Encoder_Count</name>
         <uninitialized>true</uninitialized>
         <run_address>0x20000a7c</run_address>
         <size>0x4</size>
      </object_component>
      <object_component id="oc-c6">
         <name>.common:pwm_uptime_left</name>
         <uninitialized>true</uninitialized>
         <run_address>0x20000ab8</run_address>
         <size>0x4</size>
      </object_component>
      <object_component id="oc-c5">
         <name>.common:pwm_uptime_right</name>
         <uninitialized>true</uninitialized>
         <run_address>0x20000abc</run_address>
         <size>0x4</size>
      </object_component>
      <object_component id="oc-c1">
         <name>.common:pwm_period</name>
         <uninitialized>true</uninitialized>
         <run_address>0x20000ab4</run_address>
         <size>0x4</size>
      </object_component>
      <object_component id="oc-c3">
         <name>.common:left_direction</name>
         <uninitialized>true</uninitialized>
         <run_address>0x20000aa8</run_address>
         <size>0x4</size>
      </object_component>
      <object_component id="oc-c4">
         <name>.common:right_direction</name>
         <uninitialized>true</uninitialized>
         <run_address>0x20000ac8</run_address>
         <size>0x4</size>
      </object_component>
      <object_component id="oc-ec">
         <name>.common:fake_color</name>
         <uninitialized>true</uninitialized>
         <run_address>0x20000a6c</run_address>
         <size>0x10</size>
      </object_component>
      <object_component id="oc-e3">
         <name>.common:lineleft$1</name>
         <uninitialized>true</uninitialized>
         <run_address>0x20000aac</run_address>
         <size>0x4</size>
      </object_component>
      <object_component id="oc-e5">
         <name>.common:error</name>
         <uninitialized>true</uninitialized>
         <run_address>0x20000a9c</run_address>
         <size>0x4</size>
      </object_component>
      <object_component id="oc-e6">
         <name>.common:rate</name>
         <uninitialized>true</uninitialized>
         <run_address>0x20000ac0</run_address>
         <size>0x4</size>
      </object_component>
      <object_component id="oc-e4">
         <name>.common:integrator</name>
         <uninitialized>true</uninitialized>
         <run_address>0x20000aa4</run_address>
         <size>0x4</size>
      </object_component>
      <object_component id="oc-e7">
         <name>.common:previous</name>
         <uninitialized>true</uninitialized>
         <run_address>0x20000ab0</run_address>
         <size>0x4</size>
      </object_component>
      <object_component id="oc-239">
         <name>.common:ctl</name>
         <uninitialized>true</uninitialized>
         <run_address>0x20000a94</run_address>
         <size>0x4</size>
      </object_component>
      <object_component id="oc-eb">
         <name>.common:currentRoom</name>
         <uninitialized>true</uninitialized>
         <run_address>0x20000a98</run_address>
         <size>0x4</size>
      </object_component>
      <object_component id="oc-ea">
         <name>.common:can</name>
         <uninitialized>true</uninitialized>
         <run_address>0x20000a88</run_address>
         <size>0x4</size>
      </object_component>
      <object_component id="oc-ed">
         <name>.common:Stop</name>
         <uninitialized>true</uninitialized>
         <run_address>0x20000a80</run_address>
         <size>0x4</size>
      </object_component>
      <object_component id="oc-9d">
         <name>.common:color</name>
         <uninitialized>true</uninitialized>
         <run_address>0x20000a90</run_address>
         <size>0x4</size>
      </object_component>
      <object_component id="oc-9f">
         <name>.common:red_counter</name>
         <uninitialized>true</uninitialized>
         <run_address>0x20000ac4</run_address>
         <size>0x4</size>
      </object_component>
      <object_component id="oc-a0">
         <name>.common:blue_counter</name>
         <uninitialized>true</uninitialized>
         <run_address>0x20000a84</run_address>
         <size>0x4</size>
      </object_component>
      <object_component id="oc-a1">
         <name>.common:green_counter</name>
         <uninitialized>true</uninitialized>
         <run_address>0x20000aa0</run_address>
         <size>0x4</size>
      </object_component>
      <object_component id="oc-a2">
         <name>.common:clear_counter</name>
         <uninitialized>true</uninitialized>
         <run_address>0x20000a8c</run_address>
         <size>0x4</size>
      </object_component>
      <object_component id="oc-23">
         <name>.stack</name>
         <uninitialized>true</uninitialized>
         <run_address>0x2000026c</run_address>
         <size>0x0</size>
         <input_file_ref idref="fl-13c"/>
      </object_component>
      <object_component id="oc-289">
         <name>.stack</name>
         <uninitialized>true</uninitialized>
         <run_address>0x2000026c</run_address>
         <size>0x0</size>
      </object_component>
      <object_component id="oc-f">
         <name>.debug_info</name>
         <load_address>0x0</load_address>
         <run_address>0x0</run_address>
         <size>0x11d</size>
         <input_file_ref idref="fl-e"/>
      </object_component>
      <object_component id="oc-12">
         <name>.debug_info</name>
         <load_address>0x11d</load_address>
         <run_address>0x11d</run_address>
         <size>0xf3</size>
         <input_file_ref idref="fl-13c"/>
      </object_component>
      <object_component id="oc-15">
         <name>.debug_info</name>
         <load_address>0x210</load_address>
         <run_address>0x210</run_address>
         <size>0x194</size>
         <input_file_ref idref="fl-13d"/>
      </object_component>
      <object_component id="oc-1a">
         <name>.debug_info</name>
         <load_address>0x3a4</load_address>
         <run_address>0x3a4</run_address>
         <size>0x16a</size>
         <input_file_ref idref="fl-13f"/>
      </object_component>
      <object_component id="oc-21">
         <name>.debug_info</name>
         <load_address>0x50e</load_address>
         <run_address>0x50e</run_address>
         <size>0x18e</size>
         <input_file_ref idref="fl-13e"/>
      </object_component>
      <object_component id="oc-25">
         <name>.debug_info</name>
         <load_address>0x69c</load_address>
         <run_address>0x69c</run_address>
         <size>0x291</size>
         <input_file_ref idref="fl-e"/>
      </object_component>
      <object_component id="oc-2a">
         <name>.debug_info</name>
         <load_address>0x92d</load_address>
         <run_address>0x92d</run_address>
         <size>0x812</size>
         <input_file_ref idref="fl-9"/>
      </object_component>
      <object_component id="oc-2f">
         <name>.debug_info</name>
         <load_address>0x113f</load_address>
         <run_address>0x113f</run_address>
         <size>0xa66</size>
         <input_file_ref idref="fl-5"/>
      </object_component>
      <object_component id="oc-34">
         <name>.debug_info</name>
         <load_address>0x1ba5</load_address>
         <run_address>0x1ba5</run_address>
         <size>0x1b79</size>
         <input_file_ref idref="fl-8"/>
      </object_component>
      <object_component id="oc-3a">
         <name>.debug_info</name>
         <load_address>0x371e</load_address>
         <run_address>0x371e</run_address>
         <size>0x1dc</size>
         <input_file_ref idref="fl-e"/>
      </object_component>
      <object_component id="oc-3c">
         <name>.debug_info</name>
         <load_address>0x38fa</load_address>
         <run_address>0x38fa</run_address>
         <size>0x13d</size>
         <input_file_ref idref="fl-146"/>
      </object_component>
      <object_component id="oc-40">
         <name>.debug_info</name>
         <load_address>0x3a37</load_address>
         <run_address>0x3a37</run_address>
         <size>0x11c</size>
         <input_file_ref idref="fl-145"/>
      </object_component>
      <object_component id="oc-45">
         <name>.debug_info</name>
         <load_address>0x3b53</load_address>
         <run_address>0x3b53</run_address>
         <size>0x1c2</size>
         <input_file_ref idref="fl-140"/>
      </object_component>
      <object_component id="oc-4a">
         <name>.debug_info</name>
         <load_address>0x3d15</load_address>
         <run_address>0x3d15</run_address>
         <size>0xbe</size>
         <input_file_ref idref="fl-142"/>
      </object_component>
      <object_component id="oc-4d">
         <name>.debug_info</name>
         <load_address>0x3dd3</load_address>
         <run_address>0x3dd3</run_address>
         <size>0xcc</size>
         <input_file_ref idref="fl-141"/>
      </object_component>
      <object_component id="oc-51">
         <name>.debug_info</name>
         <load_address>0x3e9f</load_address>
         <run_address>0x3e9f</run_address>
         <size>0x46</size>
         <input_file_ref idref="fl-13d"/>
      </object_component>
      <object_component id="oc-56">
         <name>.debug_info</name>
         <load_address>0x3ee5</load_address>
         <run_address>0x3ee5</run_address>
         <size>0xf2</size>
         <input_file_ref idref="fl-13d"/>
      </object_component>
      <object_component id="oc-58">
         <name>.debug_info</name>
         <load_address>0x3fd7</load_address>
         <run_address>0x3fd7</run_address>
         <size>0x46</size>
         <input_file_ref idref="fl-13f"/>
      </object_component>
      <object_component id="oc-5d">
         <name>.debug_info</name>
         <load_address>0x401d</load_address>
         <run_address>0x401d</run_address>
         <size>0xad</size>
         <input_file_ref idref="fl-13f"/>
      </object_component>
      <object_component id="oc-62">
         <name>.debug_info</name>
         <load_address>0x40ca</load_address>
         <run_address>0x40ca</run_address>
         <size>0x1ef</size>
         <input_file_ref idref="fl-13e"/>
      </object_component>
      <object_component id="oc-64">
         <name>.debug_info</name>
         <load_address>0x42b9</load_address>
         <run_address>0x42b9</run_address>
         <size>0xb7</size>
         <input_file_ref idref="fl-13e"/>
      </object_component>
      <object_component id="oc-65">
         <name>.debug_info</name>
         <load_address>0x4370</load_address>
         <run_address>0x4370</run_address>
         <size>0x39</size>
         <input_file_ref idref="fl-13e"/>
      </object_component>
      <object_component id="oc-6c">
         <name>.debug_info</name>
         <load_address>0x43a9</load_address>
         <run_address>0x43a9</run_address>
         <size>0x1da</size>
         <input_file_ref idref="fl-14b"/>
      </object_component>
      <object_component id="oc-70">
         <name>.debug_info</name>
         <load_address>0x4583</load_address>
         <run_address>0x4583</run_address>
         <size>0x1e6</size>
         <input_file_ref idref="fl-14d"/>
      </object_component>
      <object_component id="oc-74">
         <name>.debug_info</name>
         <load_address>0x4769</load_address>
         <run_address>0x4769</run_address>
         <size>0x1e4</size>
         <input_file_ref idref="fl-14d"/>
      </object_component>
      <object_component id="oc-78">
         <name>.debug_info</name>
         <load_address>0x494d</load_address>
         <run_address>0x494d</run_address>
         <size>0x1f8</size>
         <input_file_ref idref="fl-14d"/>
      </object_component>
      <object_component id="oc-7c">
         <name>.debug_info</name>
         <load_address>0x4b45</load_address>
         <run_address>0x4b45</run_address>
         <size>0x20c</size>
         <input_file_ref idref="fl-14d"/>
      </object_component>
      <object_component id="oc-80">
         <name>.debug_info</name>
         <load_address>0x4d51</load_address>
         <run_address>0x4d51</run_address>
         <size>0x1da</size>
         <input_file_ref idref="fl-14d"/>
      </object_component>
      <object_component id="oc-85">
         <name>.debug_info</name>
         <load_address>0x4f2b</load_address>
         <run_address>0x4f2b</run_address>
         <size>0x1c5</size>
         <input_file_ref idref="fl-14c"/>
      </object_component>
      <object_component id="oc-88">
         <name>.debug_info</name>
         <load_address>0x50f0</load_address>
         <run_address>0x50f0</run_address>
         <size>0x202</size>
         <input_file_ref idref="fl-14b"/>
      </object_component>
      <object_component id="oc-8e">
         <name>.debug_info</name>
         <load_address>0x52f2</load_address>
         <run_address>0x52f2</run_address>
         <size>0x1c7</size>
         <input_file_ref idref="fl-14c"/>
      </object_component>
      <object_component id="oc-91">
         <name>.debug_info</name>
         <load_address>0x54b9</load_address>
         <run_address>0x54b9</run_address>
         <size>0x1d8</size>
         <input_file_ref idref="fl-14d"/>
      </object_component>
      <object_component id="oc-95">
         <name>.debug_info</name>
         <load_address>0x5691</load_address>
         <run_address>0x5691</run_address>
         <size>0x1dc</size>
         <input_file_ref idref="fl-14d"/>
      </object_component>
      <object_component id="oc-99">
         <name>.debug_info</name>
         <load_address>0x586d</load_address>
         <run_address>0x586d</run_address>
         <size>0x8b3</size>
         <input_file_ref idref="fl-c"/>
      </object_component>
      <object_component id="oc-9e">
         <name>.debug_info</name>
         <load_address>0x6120</load_address>
         <run_address>0x6120</run_address>
         <size>0x436</size>
         <input_file_ref idref="fl-9"/>
      </object_component>
      <object_component id="oc-a4">
         <name>.debug_info</name>
         <load_address>0x6556</load_address>
         <run_address>0x6556</run_address>
         <size>0x84</size>
         <input_file_ref idref="fl-2"/>
      </object_component>
      <object_component id="oc-aa">
         <name>.debug_info</name>
         <load_address>0x65da</load_address>
         <run_address>0x65da</run_address>
         <size>0x1e1</size>
         <input_file_ref idref="fl-149"/>
      </object_component>
      <object_component id="oc-ae">
         <name>.debug_info</name>
         <load_address>0x67bb</load_address>
         <run_address>0x67bb</run_address>
         <size>0x207</size>
         <input_file_ref idref="fl-149"/>
      </object_component>
      <object_component id="oc-b2">
         <name>.debug_info</name>
         <load_address>0x69c2</load_address>
         <run_address>0x69c2</run_address>
         <size>0x1e9</size>
         <input_file_ref idref="fl-149"/>
      </object_component>
      <object_component id="oc-b6">
         <name>.debug_info</name>
         <load_address>0x6bab</load_address>
         <run_address>0x6bab</run_address>
         <size>0x1d4</size>
         <input_file_ref idref="fl-149"/>
      </object_component>
      <object_component id="oc-ba">
         <name>.debug_info</name>
         <load_address>0x6d7f</load_address>
         <run_address>0x6d7f</run_address>
         <size>0x1e7</size>
         <input_file_ref idref="fl-149"/>
      </object_component>
      <object_component id="oc-be">
         <name>.debug_info</name>
         <load_address>0x6f66</load_address>
         <run_address>0x6f66</run_address>
         <size>0x1d4</size>
         <input_file_ref idref="fl-14d"/>
      </object_component>
      <object_component id="oc-c2">
         <name>.debug_info</name>
         <load_address>0x713a</load_address>
         <run_address>0x713a</run_address>
         <size>0x3f4</size>
         <input_file_ref idref="fl-5"/>
      </object_component>
      <object_component id="oc-c9">
         <name>.debug_info</name>
         <load_address>0x752e</load_address>
         <run_address>0x752e</run_address>
         <size>0x2eb</size>
         <input_file_ref idref="fl-b"/>
      </object_component>
      <object_component id="oc-ce">
         <name>.debug_info</name>
         <load_address>0x7819</load_address>
         <run_address>0x7819</run_address>
         <size>0x50e</size>
         <input_file_ref idref="fl-4"/>
      </object_component>
      <object_component id="oc-d3">
         <name>.debug_info</name>
         <load_address>0x7d27</load_address>
         <run_address>0x7d27</run_address>
         <size>0x36b</size>
         <input_file_ref idref="fl-7"/>
      </object_component>
      <object_component id="oc-d8">
         <name>.debug_info</name>
         <load_address>0x8092</load_address>
         <run_address>0x8092</run_address>
         <size>0x503</size>
         <input_file_ref idref="fl-8"/>
      </object_component>
      <object_component id="oc-da">
         <name>.debug_info</name>
         <load_address>0x8595</load_address>
         <run_address>0x8595</run_address>
         <size>0x10e</size>
         <input_file_ref idref="fl-8"/>
      </object_component>
      <object_component id="oc-dc">
         <name>.debug_info</name>
         <load_address>0x86a3</load_address>
         <run_address>0x86a3</run_address>
         <size>0x489</size>
         <input_file_ref idref="fl-3"/>
      </object_component>
      <object_component id="oc-f1">
         <name>.debug_info</name>
         <load_address>0x8b2c</load_address>
         <run_address>0x8b2c</run_address>
         <size>0x18b</size>
         <input_file_ref idref="fl-e"/>
      </object_component>
      <object_component id="oc-f7">
         <name>.debug_info</name>
         <load_address>0x8cb7</load_address>
         <run_address>0x8cb7</run_address>
         <size>0x14b</size>
         <input_file_ref idref="fl-147"/>
      </object_component>
      <object_component id="oc-fd">
         <name>.debug_info</name>
         <load_address>0x8e02</load_address>
         <run_address>0x8e02</run_address>
         <size>0x230</size>
         <input_file_ref idref="fl-d"/>
      </object_component>
      <object_component id="oc-102">
         <name>.debug_info</name>
         <load_address>0x9032</load_address>
         <run_address>0x9032</run_address>
         <size>0x11b</size>
         <input_file_ref idref="fl-145"/>
      </object_component>
      <object_component id="oc-104">
         <name>.debug_info</name>
         <load_address>0x914d</load_address>
         <run_address>0x914d</run_address>
         <size>0xc8</size>
         <input_file_ref idref="fl-144"/>
      </object_component>
      <object_component id="oc-106">
         <name>.debug_info</name>
         <load_address>0x9215</load_address>
         <run_address>0x9215</run_address>
         <size>0xeb</size>
         <input_file_ref idref="fl-140"/>
      </object_component>
      <object_component id="oc-108">
         <name>.debug_info</name>
         <load_address>0x9300</load_address>
         <run_address>0x9300</run_address>
         <size>0x146</size>
         <input_file_ref idref="fl-140"/>
      </object_component>
      <object_component id="oc-10c">
         <name>.debug_info</name>
         <load_address>0x9446</load_address>
         <run_address>0x9446</run_address>
         <size>0x2c</size>
         <input_file_ref idref="fl-13d"/>
      </object_component>
      <object_component id="oc-113">
         <name>.debug_info</name>
         <load_address>0x9472</load_address>
         <run_address>0x9472</run_address>
         <size>0x2c</size>
         <input_file_ref idref="fl-13f"/>
      </object_component>
      <object_component id="oc-11e">
         <name>.debug_info</name>
         <load_address>0x949e</load_address>
         <run_address>0x949e</run_address>
         <size>0x1b2</size>
         <input_file_ref idref="fl-14b"/>
      </object_component>
      <object_component id="oc-120">
         <name>.debug_info</name>
         <load_address>0x9650</load_address>
         <run_address>0x9650</run_address>
         <size>0x84</size>
         <input_file_ref idref="fl-148"/>
      </object_component>
      <object_component id="oc-124">
         <name>.debug_info</name>
         <load_address>0x96d4</load_address>
         <run_address>0x96d4</run_address>
         <size>0x391</size>
         <input_file_ref idref="fl-14b"/>
      </object_component>
      <object_component id="oc-126">
         <name>.debug_info</name>
         <load_address>0x9a65</load_address>
         <run_address>0x9a65</run_address>
         <size>0x24a</size>
         <input_file_ref idref="fl-14d"/>
      </object_component>
      <object_component id="oc-12a">
         <name>.debug_info</name>
         <load_address>0x9caf</load_address>
         <run_address>0x9caf</run_address>
         <size>0x204</size>
         <input_file_ref idref="fl-14d"/>
      </object_component>
      <object_component id="oc-130">
         <name>.debug_info</name>
         <load_address>0x9eb3</load_address>
         <run_address>0x9eb3</run_address>
         <size>0x336</size>
         <input_file_ref idref="fl-14d"/>
      </object_component>
      <object_component id="oc-134">
         <name>.debug_info</name>
         <load_address>0xa1e9</load_address>
         <run_address>0xa1e9</run_address>
         <size>0x1b7</size>
         <input_file_ref idref="fl-14c"/>
      </object_component>
      <object_component id="oc-136">
         <name>.debug_info</name>
         <load_address>0xa3a0</load_address>
         <run_address>0xa3a0</run_address>
         <size>0x342</size>
         <input_file_ref idref="fl-14c"/>
      </object_component>
      <object_component id="oc-138">
         <name>.debug_info</name>
         <load_address>0xa6e2</load_address>
         <run_address>0xa6e2</run_address>
         <size>0x108</size>
         <input_file_ref idref="fl-14b"/>
      </object_component>
      <object_component id="oc-13e">
         <name>.debug_info</name>
         <load_address>0xa7ea</load_address>
         <run_address>0xa7ea</run_address>
         <size>0x1e0</size>
         <input_file_ref idref="fl-14b"/>
      </object_component>
      <object_component id="oc-142">
         <name>.debug_info</name>
         <load_address>0xa9ca</load_address>
         <run_address>0xa9ca</run_address>
         <size>0x26b</size>
         <input_file_ref idref="fl-148"/>
      </object_component>
      <object_component id="oc-146">
         <name>.debug_info</name>
         <load_address>0xac35</load_address>
         <run_address>0xac35</run_address>
         <size>0x1a4</size>
         <input_file_ref idref="fl-148"/>
      </object_component>
      <object_component id="oc-14a">
         <name>.debug_info</name>
         <load_address>0xadd9</load_address>
         <run_address>0xadd9</run_address>
         <size>0x253</size>
         <input_file_ref idref="fl-148"/>
      </object_component>
      <object_component id="oc-14e">
         <name>.debug_info</name>
         <load_address>0xb02c</load_address>
         <run_address>0xb02c</run_address>
         <size>0x22d</size>
         <input_file_ref idref="fl-148"/>
      </object_component>
      <object_component id="oc-152">
         <name>.debug_info</name>
         <load_address>0xb259</load_address>
         <run_address>0xb259</run_address>
         <size>0x15e</size>
         <input_file_ref idref="fl-c"/>
      </object_component>
      <object_component id="oc-154">
         <name>.debug_info</name>
         <load_address>0xb3b7</load_address>
         <run_address>0xb3b7</run_address>
         <size>0x10c</size>
         <input_file_ref idref="fl-c"/>
      </object_component>
      <object_component id="oc-156">
         <name>.debug_info</name>
         <load_address>0xb4c3</load_address>
         <run_address>0xb4c3</run_address>
         <size>0x137</size>
         <input_file_ref idref="fl-143"/>
      </object_component>
      <object_component id="oc-15a">
         <name>.debug_info</name>
         <load_address>0xb5fa</load_address>
         <run_address>0xb5fa</run_address>
         <size>0x29c</size>
         <input_file_ref idref="fl-c"/>
      </object_component>
      <object_component id="oc-15b">
         <name>.debug_info</name>
         <load_address>0xb896</load_address>
         <run_address>0xb896</run_address>
         <size>0x4e</size>
         <input_file_ref idref="fl-c"/>
      </object_component>
      <object_component id="oc-163">
         <name>.debug_info</name>
         <load_address>0xb8e4</load_address>
         <run_address>0xb8e4</run_address>
         <size>0x338</size>
         <input_file_ref idref="fl-149"/>
      </object_component>
      <object_component id="oc-16c">
         <name>.debug_info</name>
         <load_address>0xbc1c</load_address>
         <run_address>0xbc1c</run_address>
         <size>0x2cf</size>
         <input_file_ref idref="fl-14b"/>
      </object_component>
      <object_component id="oc-170">
         <name>.debug_info</name>
         <load_address>0xbeeb</load_address>
         <run_address>0xbeeb</run_address>
         <size>0x1d8</size>
         <input_file_ref idref="fl-14d"/>
      </object_component>
      <object_component id="oc-174">
         <name>.debug_info</name>
         <load_address>0xc0c3</load_address>
         <run_address>0xc0c3</run_address>
         <size>0x26b</size>
         <input_file_ref idref="fl-14f"/>
      </object_component>
      <object_component id="oc-178">
         <name>.debug_info</name>
         <load_address>0xc32e</load_address>
         <run_address>0xc32e</run_address>
         <size>0x29e</size>
         <input_file_ref idref="fl-14f"/>
      </object_component>
      <object_component id="oc-17c">
         <name>.debug_info</name>
         <load_address>0xc5cc</load_address>
         <run_address>0xc5cc</run_address>
         <size>0x1f5</size>
         <input_file_ref idref="fl-14f"/>
      </object_component>
      <object_component id="oc-180">
         <name>.debug_info</name>
         <load_address>0xc7c1</load_address>
         <run_address>0xc7c1</run_address>
         <size>0x1e9</size>
         <input_file_ref idref="fl-14f"/>
      </object_component>
      <object_component id="oc-184">
         <name>.debug_info</name>
         <load_address>0xc9aa</load_address>
         <run_address>0xc9aa</run_address>
         <size>0x1f9</size>
         <input_file_ref idref="fl-14f"/>
      </object_component>
      <object_component id="oc-188">
         <name>.debug_info</name>
         <load_address>0xcba3</load_address>
         <run_address>0xcba3</run_address>
         <size>0x230</size>
         <input_file_ref idref="fl-14f"/>
      </object_component>
      <object_component id="oc-18c">
         <name>.debug_info</name>
         <load_address>0xcdd3</load_address>
         <run_address>0xcdd3</run_address>
         <size>0x2dc</size>
         <input_file_ref idref="fl-14f"/>
      </object_component>
      <object_component id="oc-190">
         <name>.debug_info</name>
         <load_address>0xd0af</load_address>
         <run_address>0xd0af</run_address>
         <size>0x35f</size>
         <input_file_ref idref="fl-b"/>
      </object_component>
      <object_component id="oc-192">
         <name>.debug_info</name>
         <load_address>0xd40e</load_address>
         <run_address>0xd40e</run_address>
         <size>0x25a</size>
         <input_file_ref idref="fl-149"/>
      </object_component>
      <object_component id="oc-196">
         <name>.debug_info</name>
         <load_address>0xd668</load_address>
         <run_address>0xd668</run_address>
         <size>0x3fd</size>
         <input_file_ref idref="fl-4"/>
      </object_component>
      <object_component id="oc-19f">
         <name>.debug_info</name>
         <load_address>0xda65</load_address>
         <run_address>0xda65</run_address>
         <size>0x1be</size>
         <input_file_ref idref="fl-14a"/>
      </object_component>
      <object_component id="oc-1a4">
         <name>.debug_info</name>
         <load_address>0xdc23</load_address>
         <run_address>0xdc23</run_address>
         <size>0x186</size>
         <input_file_ref idref="fl-14a"/>
      </object_component>
      <object_component id="oc-1a7">
         <name>.debug_info</name>
         <load_address>0xdda9</load_address>
         <run_address>0xdda9</run_address>
         <size>0x191</size>
         <input_file_ref idref="fl-14a"/>
      </object_component>
      <object_component id="oc-1ab">
         <name>.debug_info</name>
         <load_address>0xdf3a</load_address>
         <run_address>0xdf3a</run_address>
         <size>0x10d</size>
         <input_file_ref idref="fl-3"/>
      </object_component>
      <object_component id="oc-1ae">
         <name>.debug_info</name>
         <load_address>0xe047</load_address>
         <run_address>0xe047</run_address>
         <size>0x148</size>
         <input_file_ref idref="fl-147"/>
      </object_component>
      <object_component id="oc-1b0">
         <name>.debug_info</name>
         <load_address>0xe18f</load_address>
         <run_address>0xe18f</run_address>
         <size>0x464</size>
         <input_file_ref idref="fl-2"/>
      </object_component>
      <object_component id="oc-1b5">
         <name>.debug_info</name>
         <load_address>0xe5f3</load_address>
         <run_address>0xe5f3</run_address>
         <size>0x1a3</size>
         <input_file_ref idref="fl-14c"/>
      </object_component>
      <object_component id="oc-1b9">
         <name>.debug_info</name>
         <load_address>0xe796</load_address>
         <run_address>0xe796</run_address>
         <size>0x2f7</size>
         <input_file_ref idref="fl-6"/>
      </object_component>
      <object_component id="oc-1be">
         <name>.debug_info</name>
         <load_address>0xea8d</load_address>
         <run_address>0xea8d</run_address>
         <size>0x1597</size>
         <input_file_ref idref="fl-a"/>
      </object_component>
      <object_component id="oc-1c3">
         <name>.debug_info</name>
         <load_address>0x10024</load_address>
         <run_address>0x10024</run_address>
         <size>0x2e9</size>
         <input_file_ref idref="fl-d"/>
      </object_component>
      <object_component id="oc-1c6">
         <name>.debug_info</name>
         <load_address>0x1030d</load_address>
         <run_address>0x1030d</run_address>
         <size>0x5e</size>
         <input_file_ref idref="fl-145"/>
      </object_component>
      <object_component id="oc-1cc">
         <name>.debug_info</name>
         <load_address>0x1036b</load_address>
         <run_address>0x1036b</run_address>
         <size>0x1d4</size>
         <input_file_ref idref="fl-144"/>
      </object_component>
      <object_component id="oc-1d2">
         <name>.debug_info</name>
         <load_address>0x1053f</load_address>
         <run_address>0x1053f</run_address>
         <size>0xd9</size>
         <input_file_ref idref="fl-144"/>
      </object_component>
      <object_component id="oc-1db">
         <name>.debug_info</name>
         <load_address>0x10618</load_address>
         <run_address>0x10618</run_address>
         <size>0x2c</size>
         <input_file_ref idref="fl-148"/>
      </object_component>
      <object_component id="oc-1eb">
         <name>.debug_info</name>
         <load_address>0x10644</load_address>
         <run_address>0x10644</run_address>
         <size>0x228</size>
         <input_file_ref idref="fl-148"/>
      </object_component>
      <object_component id="oc-1ef">
         <name>.debug_info</name>
         <load_address>0x1086c</load_address>
         <run_address>0x1086c</run_address>
         <size>0x342</size>
         <input_file_ref idref="fl-148"/>
      </object_component>
      <object_component id="oc-1fb">
         <name>.debug_info</name>
         <load_address>0x10bae</load_address>
         <run_address>0x10bae</run_address>
         <size>0x2c</size>
         <input_file_ref idref="fl-2"/>
      </object_component>
      <object_component id="oc-205">
         <name>.debug_info</name>
         <load_address>0x10bda</load_address>
         <run_address>0x10bda</run_address>
         <size>0x32b</size>
         <input_file_ref idref="fl-14f"/>
      </object_component>
      <object_component id="oc-20f">
         <name>.debug_info</name>
         <load_address>0x10f05</load_address>
         <run_address>0x10f05</run_address>
         <size>0x23f</size>
         <input_file_ref idref="fl-149"/>
      </object_component>
      <object_component id="oc-213">
         <name>.debug_info</name>
         <load_address>0x11144</load_address>
         <run_address>0x11144</run_address>
         <size>0x2a1</size>
         <input_file_ref idref="fl-14c"/>
      </object_component>
      <object_component id="oc-21a">
         <name>.debug_info</name>
         <load_address>0x113e5</load_address>
         <run_address>0x113e5</run_address>
         <size>0x2d8</size>
         <input_file_ref idref="fl-14a"/>
      </object_component>
      <object_component id="oc-221">
         <name>.debug_info</name>
         <load_address>0x116bd</load_address>
         <run_address>0x116bd</run_address>
         <size>0xcd</size>
         <input_file_ref idref="fl-147"/>
      </object_component>
      <object_component id="oc-227">
         <name>.debug_info</name>
         <load_address>0x1178a</load_address>
         <run_address>0x1178a</run_address>
         <size>0x1d9</size>
         <input_file_ref idref="fl-14d"/>
      </object_component>
      <object_component id="oc-22b">
         <name>.debug_info</name>
         <load_address>0x11963</load_address>
         <run_address>0x11963</run_address>
         <size>0x1da</size>
         <input_file_ref idref="fl-14d"/>
      </object_component>
      <object_component id="oc-22f">
         <name>.debug_info</name>
         <load_address>0x11b3d</load_address>
         <run_address>0x11b3d</run_address>
         <size>0x222</size>
         <input_file_ref idref="fl-2"/>
      </object_component>
      <object_component id="oc-231">
         <name>.debug_info</name>
         <load_address>0x11d5f</load_address>
         <run_address>0x11d5f</run_address>
         <size>0x177</size>
         <input_file_ref idref="fl-14e"/>
      </object_component>
      <object_component id="oc-236">
         <name>.debug_info</name>
         <load_address>0x11ed6</load_address>
         <run_address>0x11ed6</run_address>
         <size>0x140</size>
         <input_file_ref idref="fl-6"/>
      </object_component>
      <object_component id="oc-238">
         <name>.debug_info</name>
         <load_address>0x12016</load_address>
         <run_address>0x12016</run_address>
         <size>0x10f</size>
         <input_file_ref idref="fl-a"/>
      </object_component>
      <object_component id="oc-23b">
         <name>.debug_info</name>
         <load_address>0x12125</load_address>
         <run_address>0x12125</run_address>
         <size>0x10d</size>
         <input_file_ref idref="fl-a"/>
      </object_component>
      <object_component id="oc-23d">
         <name>.debug_info</name>
         <load_address>0x12232</load_address>
         <run_address>0x12232</run_address>
         <size>0x536</size>
         <input_file_ref idref="fl-a"/>
      </object_component>
      <object_component id="oc-249">
         <name>.debug_info</name>
         <load_address>0x12768</load_address>
         <run_address>0x12768</run_address>
         <size>0x115</size>
         <input_file_ref idref="fl-149"/>
      </object_component>
      <object_component id="oc-24c">
         <name>.debug_info</name>
         <load_address>0x1287d</load_address>
         <run_address>0x1287d</run_address>
         <size>0x116</size>
         <input_file_ref idref="fl-14c"/>
      </object_component>
      <object_component id="oc-251">
         <name>.debug_info</name>
         <load_address>0x12993</load_address>
         <run_address>0x12993</run_address>
         <size>0x116</size>
         <input_file_ref idref="fl-14d"/>
      </object_component>
      <object_component id="oc-25f">
         <name>.debug_info</name>
         <load_address>0x12aa9</load_address>
         <run_address>0x12aa9</run_address>
         <size>0x69</size>
         <input_file_ref idref="fl-a"/>
      </object_component>
      <object_component id="oc-28a">
         <name>.debug_info</name>
         <load_address>0x12b12</load_address>
         <run_address>0x12b12</run_address>
         <size>0xd8</size>
      </object_component>
      <object_component id="oc-11">
         <name>.debug_aranges</name>
         <load_address>0x0</load_address>
         <run_address>0x0</run_address>
         <size>0x20</size>
         <input_file_ref idref="fl-13c"/>
      </object_component>
      <object_component id="oc-18">
         <name>.debug_aranges</name>
         <load_address>0x20</load_address>
         <run_address>0x20</run_address>
         <size>0x20</size>
         <input_file_ref idref="fl-13d"/>
      </object_component>
      <object_component id="oc-1d">
         <name>.debug_aranges</name>
         <load_address>0x40</load_address>
         <run_address>0x40</run_address>
         <size>0x20</size>
         <input_file_ref idref="fl-13f"/>
      </object_component>
      <object_component id="oc-1f">
         <name>.debug_aranges</name>
         <load_address>0x60</load_address>
         <run_address>0x60</run_address>
         <size>0x20</size>
         <input_file_ref idref="fl-13e"/>
      </object_component>
      <object_component id="oc-28">
         <name>.debug_aranges</name>
         <load_address>0x80</load_address>
         <run_address>0x80</run_address>
         <size>0x38</size>
         <input_file_ref idref="fl-e"/>
      </object_component>
      <object_component id="oc-2d">
         <name>.debug_aranges</name>
         <load_address>0xb8</load_address>
         <run_address>0xb8</run_address>
         <size>0x50</size>
         <input_file_ref idref="fl-9"/>
      </object_component>
      <object_component id="oc-32">
         <name>.debug_aranges</name>
         <load_address>0x108</load_address>
         <run_address>0x108</run_address>
         <size>0x78</size>
         <input_file_ref idref="fl-5"/>
      </object_component>
      <object_component id="oc-37">
         <name>.debug_aranges</name>
         <load_address>0x180</load_address>
         <run_address>0x180</run_address>
         <size>0xb8</size>
         <input_file_ref idref="fl-8"/>
      </object_component>
      <object_component id="oc-3e">
         <name>.debug_aranges</name>
         <load_address>0x238</load_address>
         <run_address>0x238</run_address>
         <size>0x28</size>
         <input_file_ref idref="fl-146"/>
      </object_component>
      <object_component id="oc-43">
         <name>.debug_aranges</name>
         <load_address>0x260</load_address>
         <run_address>0x260</run_address>
         <size>0x20</size>
         <input_file_ref idref="fl-145"/>
      </object_component>
      <object_component id="oc-46">
         <name>.debug_aranges</name>
         <load_address>0x280</load_address>
         <run_address>0x280</run_address>
         <size>0x30</size>
         <input_file_ref idref="fl-140"/>
      </object_component>
      <object_component id="oc-4f">
         <name>.debug_aranges</name>
         <load_address>0x2b0</load_address>
         <run_address>0x2b0</run_address>
         <size>0x20</size>
         <input_file_ref idref="fl-141"/>
      </object_component>
      <object_component id="oc-5f">
         <name>.debug_aranges</name>
         <load_address>0x2d0</load_address>
         <run_address>0x2d0</run_address>
         <size>0x20</size>
         <input_file_ref idref="fl-13e"/>
      </object_component>
      <object_component id="oc-9c">
         <name>.debug_aranges</name>
         <load_address>0x2f0</load_address>
         <run_address>0x2f0</run_address>
         <size>0x50</size>
         <input_file_ref idref="fl-c"/>
      </object_component>
      <object_component id="oc-cc">
         <name>.debug_aranges</name>
         <load_address>0x340</load_address>
         <run_address>0x340</run_address>
         <size>0x28</size>
         <input_file_ref idref="fl-b"/>
      </object_component>
      <object_component id="oc-d1">
         <name>.debug_aranges</name>
         <load_address>0x368</load_address>
         <run_address>0x368</run_address>
         <size>0x40</size>
         <input_file_ref idref="fl-4"/>
      </object_component>
      <object_component id="oc-d6">
         <name>.debug_aranges</name>
         <load_address>0x3a8</load_address>
         <run_address>0x3a8</run_address>
         <size>0x28</size>
         <input_file_ref idref="fl-7"/>
      </object_component>
      <object_component id="oc-df">
         <name>.debug_aranges</name>
         <load_address>0x3d0</load_address>
         <run_address>0x3d0</run_address>
         <size>0x30</size>
         <input_file_ref idref="fl-3"/>
      </object_component>
      <object_component id="oc-fa">
         <name>.debug_aranges</name>
         <load_address>0x400</load_address>
         <run_address>0x400</run_address>
         <size>0x20</size>
         <input_file_ref idref="fl-147"/>
      </object_component>
      <object_component id="oc-100">
         <name>.debug_aranges</name>
         <load_address>0x420</load_address>
         <run_address>0x420</run_address>
         <size>0x20</size>
         <input_file_ref idref="fl-d"/>
      </object_component>
      <object_component id="oc-158">
         <name>.debug_aranges</name>
         <load_address>0x440</load_address>
         <run_address>0x440</run_address>
         <size>0x28</size>
         <input_file_ref idref="fl-143"/>
      </object_component>
      <object_component id="oc-1b3">
         <name>.debug_aranges</name>
         <load_address>0x468</load_address>
         <run_address>0x468</run_address>
         <size>0x38</size>
         <input_file_ref idref="fl-2"/>
      </object_component>
      <object_component id="oc-1bc">
         <name>.debug_aranges</name>
         <load_address>0x4a0</load_address>
         <run_address>0x4a0</run_address>
         <size>0x28</size>
         <input_file_ref idref="fl-6"/>
      </object_component>
      <object_component id="oc-1c1">
         <name>.debug_aranges</name>
         <load_address>0x4c8</load_address>
         <run_address>0x4c8</run_address>
         <size>0x108</size>
         <input_file_ref idref="fl-a"/>
      </object_component>
      <object_component id="oc-1cf">
         <name>.debug_aranges</name>
         <load_address>0x5d0</load_address>
         <run_address>0x5d0</run_address>
         <size>0x30</size>
         <input_file_ref idref="fl-144"/>
      </object_component>
      <object_component id="oc-13">
         <name>.debug_line</name>
         <load_address>0x0</load_address>
         <run_address>0x0</run_address>
         <size>0x4f</size>
         <input_file_ref idref="fl-13c"/>
      </object_component>
      <object_component id="oc-16">
         <name>.debug_line</name>
         <load_address>0x4f</load_address>
         <run_address>0x4f</run_address>
         <size>0x55</size>
         <input_file_ref idref="fl-13d"/>
      </object_component>
      <object_component id="oc-1c">
         <name>.debug_line</name>
         <load_address>0xa4</load_address>
         <run_address>0xa4</run_address>
         <size>0x4c</size>
         <input_file_ref idref="fl-13f"/>
      </object_component>
      <object_component id="oc-22">
         <name>.debug_line</name>
         <load_address>0xf0</load_address>
         <run_address>0xf0</run_address>
         <size>0x4b</size>
         <input_file_ref idref="fl-13e"/>
      </object_component>
      <object_component id="oc-26">
         <name>.debug_line</name>
         <load_address>0x13b</load_address>
         <run_address>0x13b</run_address>
         <size>0xa0</size>
         <input_file_ref idref="fl-e"/>
      </object_component>
      <object_component id="oc-2b">
         <name>.debug_line</name>
         <load_address>0x1db</load_address>
         <run_address>0x1db</run_address>
         <size>0x166</size>
         <input_file_ref idref="fl-9"/>
      </object_component>
      <object_component id="oc-30">
         <name>.debug_line</name>
         <load_address>0x341</load_address>
         <run_address>0x341</run_address>
         <size>0x201</size>
         <input_file_ref idref="fl-5"/>
      </object_component>
      <object_component id="oc-35">
         <name>.debug_line</name>
         <load_address>0x542</load_address>
         <run_address>0x542</run_address>
         <size>0x686</size>
         <input_file_ref idref="fl-8"/>
      </object_component>
      <object_component id="oc-39">
         <name>.debug_line</name>
         <load_address>0xbc8</load_address>
         <run_address>0xbc8</run_address>
         <size>0x40</size>
         <input_file_ref idref="fl-e"/>
      </object_component>
      <object_component id="oc-3d">
         <name>.debug_line</name>
         <load_address>0xc08</load_address>
         <run_address>0xc08</run_address>
         <size>0x87</size>
         <input_file_ref idref="fl-146"/>
      </object_component>
      <object_component id="oc-41">
         <name>.debug_line</name>
         <load_address>0xc8f</load_address>
         <run_address>0xc8f</run_address>
         <size>0x50</size>
         <input_file_ref idref="fl-145"/>
      </object_component>
      <object_component id="oc-47">
         <name>.debug_line</name>
         <load_address>0xcdf</load_address>
         <run_address>0xcdf</run_address>
         <size>0x7a</size>
         <input_file_ref idref="fl-140"/>
      </object_component>
      <object_component id="oc-4e">
         <name>.debug_line</name>
         <load_address>0xd59</load_address>
         <run_address>0xd59</run_address>
         <size>0x88</size>
         <input_file_ref idref="fl-141"/>
      </object_component>
      <object_component id="oc-53">
         <name>.debug_line</name>
         <load_address>0xde1</load_address>
         <run_address>0xde1</run_address>
         <size>0x3a</size>
         <input_file_ref idref="fl-13d"/>
      </object_component>
      <object_component id="oc-5a">
         <name>.debug_line</name>
         <load_address>0xe1b</load_address>
         <run_address>0xe1b</run_address>
         <size>0x34</size>
         <input_file_ref idref="fl-13f"/>
      </object_component>
      <object_component id="oc-61">
         <name>.debug_line</name>
         <load_address>0xe4f</load_address>
         <run_address>0xe4f</run_address>
         <size>0x8c</size>
         <input_file_ref idref="fl-13e"/>
      </object_component>
      <object_component id="oc-67">
         <name>.debug_line</name>
         <load_address>0xedb</load_address>
         <run_address>0xedb</run_address>
         <size>0x39</size>
         <input_file_ref idref="fl-13e"/>
      </object_component>
      <object_component id="oc-6d">
         <name>.debug_line</name>
         <load_address>0xf14</load_address>
         <run_address>0xf14</run_address>
         <size>0x73</size>
         <input_file_ref idref="fl-14b"/>
      </object_component>
      <object_component id="oc-71">
         <name>.debug_line</name>
         <load_address>0xf87</load_address>
         <run_address>0xf87</run_address>
         <size>0x6a</size>
         <input_file_ref idref="fl-14d"/>
      </object_component>
      <object_component id="oc-75">
         <name>.debug_line</name>
         <load_address>0xff1</load_address>
         <run_address>0xff1</run_address>
         <size>0x6a</size>
         <input_file_ref idref="fl-14d"/>
      </object_component>
      <object_component id="oc-79">
         <name>.debug_line</name>
         <load_address>0x105b</load_address>
         <run_address>0x105b</run_address>
         <size>0x69</size>
         <input_file_ref idref="fl-14d"/>
      </object_component>
      <object_component id="oc-7d">
         <name>.debug_line</name>
         <load_address>0x10c4</load_address>
         <run_address>0x10c4</run_address>
         <size>0x6b</size>
         <input_file_ref idref="fl-14d"/>
      </object_component>
      <object_component id="oc-81">
         <name>.debug_line</name>
         <load_address>0x112f</load_address>
         <run_address>0x112f</run_address>
         <size>0x69</size>
         <input_file_ref idref="fl-14d"/>
[...]
         <value>0xb27</value>
         <object_component_ref idref="oc-33"/>
      </symbol>
      <symbol id="sm-1f8">
         <name>SmoothTurnRight</name>
         <value>0x831</value>
         <object_component_ref idref="oc-33"/>
      </symbol>
      <symbol id="sm-1f9">
         <name>StopCourse</name>
         <value>0xf23</value>
         <object_component_ref idref="oc-33"/>
      </symbol>
      <symbol id="sm-1fa">
         <name>DetectCan</name>
         <value>0x2b1</value>
         <object_component_ref idref="oc-33"/>
      </symbol>
      <symbol id="sm-1fb">
         <name>Timer3IntHandler</name>
         <value>0x715</value>
         <object_component_ref idref="oc-33"/>
      </symbol>
      <symbol id="sm-1fc">
         <name>FollowWall</name>
         <value>0x61f</value>
         <object_component_ref idref="oc-33"/>
      </symbol>
      <symbol id="sm-1fd">
         <name>PanRight</name>
         <value>0x85d</value>
         <object_component_ref idref="oc-33"/>
      </symbol>
      <symbol id="sm-22b">
         <name>Clear</name>
         <value>0x1d47</value>
         <object_component_ref idref="oc-29"/>
      </symbol>
      <symbol id="sm-22c">
         <name>Red</name>
         <value>0x1c1d</value>
         <object_component_ref idref="oc-29"/>
      </symbol>
      <symbol id="sm-22d">
         <name>Green</name>
         <value>0x1ce9</value>
         <object_component_ref idref="oc-29"/>
      </symbol>
      <symbol id="sm-22e">
         <name>GetColor</name>
         <value>0x1e01</value>
         <object_component_ref idref="oc-29"/>
      </symbol>
      <symbol id="sm-22f">
         <name>GPIO_PORTB_IntHandler</name>
         <value>0x1da5</value>
         <object_component_ref idref="oc-29"/>
      </symbol>
      <symbol id="sm-230">
         <name>colorinit</name>
         <value>0x1bb1</value>
         <object_component_ref idref="oc-29"/>
      </symbol>
      <symbol id="sm-231">
         <name>Blue</name>
         <value>0x1c81</value>
         <object_component_ref idref="oc-29"/>
      </symbol>
      <symbol id="sm-2bc">
         <name>Backward</name>
         <value>0x1169</value>
         <object_component_ref idref="oc-1bd"/>
      </symbol>
      <symbol id="sm-2bd">
         <name>Invalid</name>
         <value>0x1571</value>
         <object_component_ref idref="oc-1bd"/>
      </symbol>
      <symbol id="sm-2be">
         <name>TurnRight</name>
         <value>0x1329</value>
         <object_component_ref idref="oc-1bd"/>
      </symbol>
      <symbol id="sm-2bf">
         <name>PrintColor</name>
         <value>0x1447</value>
         <object_component_ref idref="oc-1bd"/>
      </symbol>
      <symbol id="sm-2c0">
         <name>StopTest</name>
         <value>0x10a1</value>
         <object_component_ref idref="oc-1bd"/>
      </symbol>
      <symbol id="sm-2c1">
         <name>PrintUltrasonic</name>
         <value>0x14c3</value>
         <object_component_ref idref="oc-1bd"/>
      </symbol>
      <symbol id="sm-2c2">
         <name>Coast</name>
         <value>0x11a9</value>
         <object_component_ref idref="oc-1bd"/>
      </symbol>
      <symbol id="sm-2c3">
         <name>SharpTurnTest</name>
         <value>0x10eb</value>
         <object_component_ref idref="oc-1bd"/>
      </symbol>
      <symbol id="sm-2c4">
         <name>TimedForward</name>
         <value>0x11b7</value>
         <object_component_ref idref="oc-1bd"/>
      </symbol>
      <symbol id="sm-2c5">
         <name>Line_right</name>
         <value>0x14a9</value>
         <object_component_ref idref="oc-1bd"/>
      </symbol>
      <symbol id="sm-2c6">
         <name>PanTest</name>
         <value>0x1139</value>
         <object_component_ref idref="oc-1bd"/>
      </symbol>
      <symbol id="sm-2c7">
         <name>SmoothTurnTest</name>
         <value>0x110b</value>
         <object_component_ref idref="oc-1bd"/>
      </symbol>
      <symbol id="sm-2c8">
         <name>DetectCanTest</name>
         <value>0x1075</value>
         <object_component_ref idref="oc-1bd"/>
      </symbol>
      <symbol id="sm-2c9">
         <name>ToCanTest</name>
         <value>0x1087</value>
         <object_component_ref idref="oc-1bd"/>
      </symbol>
      <symbol id="sm-2ca">
         <name>Line_left</name>
         <value>0x148f</value>
         <object_component_ref idref="oc-1bd"/>
      </symbol>
      <symbol id="sm-2cb">
         <name>Faster</name>
         <value>0x1243</value>
         <object_component_ref idref="oc-1bd"/>
      </symbol>
      <symbol id="sm-2cc">
         <name>Slower</name>
         <value>0x11e3</value>
         <object_component_ref idref="oc-1bd"/>
      </symbol>
      <symbol id="sm-2cd">
         <name>FollowTest</name>
         <value>0x10b5</value>
         <object_component_ref idref="oc-1bd"/>
      </symbol>
      <symbol id="sm-2ce">
         <name>Hello</name>
         <value>0x1519</value>
         <object_component_ref idref="oc-1bd"/>
      </symbol>
      <symbol id="sm-2cf">
         <name>LeftForward</name>
         <value>0x1179</value>
         <object_component_ref idref="oc-1bd"/>
      </symbol>
      <symbol id="sm-2d0">
         <name>TurnLeft</name>
         <value>0x12e1</value>
         <object_component_ref idref="oc-1bd"/>
      </symbol>
      <symbol id="sm-2d1">
         <name>IRTest</name>
         <value>0x1385</value>
         <object_component_ref idref="oc-1bd"/>
      </symbol>
      <symbol id="sm-2d2">
         <name>Brake</name>
         <value>0x1199</value>
         <object_component_ref idref="oc-1bd"/>
      </symbol>
      <symbol id="sm-2d3">
         <name>Forward</name>
         <value>0x1159</value>
         <object_component_ref idref="oc-1bd"/>
      </symbol>
      <symbol id="sm-2d4">
         <name>ColorTest</name>
         <value>0x13c1</value>
         <object_component_ref idref="oc-1bd"/>
      </symbol>
      <symbol id="sm-2d5">
         <name>Interpret</name>
         <value>0x1005</value>
         <object_component_ref idref="oc-1bd"/>
      </symbol>
      <symbol id="sm-2d6">
         <name>Print_Help</name>
         <value>0x1523</value>
         <object_component_ref idref="oc-1bd"/>
      </symbol>
      <symbol id="sm-2d7">
         <name>WallTest</name>
         <value>0x1099</value>
         <object_component_ref idref="oc-1bd"/>
      </symbol>
      <symbol id="sm-2d8">
         <name>PrintEncoder</name>
         <value>0x12a3</value>
         <object_component_ref idref="oc-1bd"/>
      </symbol>
      <symbol id="sm-2d9">
         <name>RightBackward</name>
         <value>0x1189</value>
         <object_component_ref idref="oc-1bd"/>
      </symbol>
      <symbol id="sm-2ed">
         <name>IRdsitinit</name>
         <value>0x2c25</value>
         <object_component_ref idref="oc-c8"/>
      </symbol>
      <symbol id="sm-2ee">
         <name>IRdist</name>
         <value>0x2c63</value>
         <object_component_ref idref="oc-c8"/>
      </symbol>
      <symbol id="sm-356">
         <name>UARTgetc</name>
         <value>0x1879</value>
         <object_component_ref idref="oc-98"/>
      </symbol>
      <symbol id="sm-357">
         <name>UARTgets</name>
         <value>0x17c1</value>
         <object_component_ref idref="oc-98"/>
      </symbol>
      <symbol id="sm-358">
         <name>UARTStdioConfig</name>
         <value>0x1709</value>
         <object_component_ref idref="oc-98"/>
      </symbol>
      <symbol id="sm-359">
         <name>UARTStdioInit</name>
         <value>0x174f</value>
         <object_component_ref idref="oc-98"/>
      </symbol>
      <symbol id="sm-35a">
         <name>UARTStdioInitExpClk</name>
         <value>0x1765</value>
         <object_component_ref idref="oc-98"/>
      </symbol>
      <symbol id="sm-35b">
         <name>UARTwrite</name>
         <value>0x177b</value>
         <object_component_ref idref="oc-98"/>
      </symbol>
      <symbol id="sm-35c">
         <name>UARTprintf</name>
         <value>0x18a1</value>
         <object_component_ref idref="oc-98"/>
      </symbol>
      <symbol id="sm-36d">
         <name>main</name>
         <value>0x2d25</value>
         <object_component_ref idref="oc-fc"/>
      </symbol>
      <symbol id="sm-38c">
         <name>ResetISR</name>
         <value>0x3421</value>
         <object_component_ref idref="oc-24"/>
      </symbol>
      <symbol id="sm-38d">
         <name>g_pfnVectors</name>
         <value>0x0</value>
         <object_component_ref idref="oc-e"/>
      </symbol>
      <symbol id="sm-39c">
         <name>_c_int00</name>
         <value>0x2fcd</value>
         <object_component_ref idref="oc-10"/>
      </symbol>
      <symbol id="sm-39d">
         <name>__stack</name>
         <value>0x2000026c</value>
         <object_component_ref idref="oc-23"/>
      </symbol>
      <symbol id="sm-3b3">
         <name>__TI_decompress_none</name>
         <value>0x33ef</value>
         <object_component_ref idref="oc-14"/>
      </symbol>
      <symbol id="sm-3d5">
         <name>__TI_decompress_rle24</name>
         <value>0x347d</value>
         <object_component_ref idref="oc-1e"/>
      </symbol>
      <symbol id="sm-3ed">
         <name>__TI_zero_init</name>
         <value>0x33a3</value>
         <object_component_ref idref="oc-19"/>
      </symbol>
      <symbol id="sm-409">
         <name>C$$EXIT</name>
         <value>0x309d</value>
         <object_component_ref idref="oc-44"/>
      </symbol>
      <symbol id="sm-40a">
         <name>abort</name>
         <value>0x30a1</value>
         <object_component_ref idref="oc-44"/>
      </symbol>
      <symbol id="sm-40b">
         <name>exit</name>
         <value>0x30a9</value>
         <object_component_ref idref="oc-44"/>
      </symbol>
      <symbol id="sm-40c">
         <name>__TI_dtors_ptr</name>
         <value>0x20000ae0</value>
         <object_component_ref idref="oc-105"/>
      </symbol>
      <symbol id="sm-40d">
         <name>__TI_cleanup_ptr</name>
         <value>0x20000adc</value>
         <object_component_ref idref="oc-105"/>
      </symbol>
      <symbol id="sm-427">
         <name>memcpy</name>
         <value>0x2af5</value>
         <object_component_ref idref="oc-4c"/>
      </symbol>
      <symbol id="sm-428">
         <name>__aeabi_memcpy</name>
         <value>0x2af5</value>
         <object_component_ref idref="oc-4c"/>
      </symbol>
      <symbol id="sm-429">
         <name>__aeabi_memcpy8</name>
         <value>0x2af5</value>
         <object_component_ref idref="oc-4c"/>
      </symbol>
      <symbol id="sm-42a">
         <name>__aeabi_memcpy4</name>
         <value>0x2af5</value>
         <object_component_ref idref="oc-4c"/>
      </symbol>
      <symbol id="sm-431">
         <name>main_func_sp</name>
         <value>0x20000af8</value>
         <object_component_ref idref="oc-49"/>
      </symbol>
      <symbol id="sm-440">
         <name>__aeabi_uidivmod</name>
         <value>0x3123</value>
         <object_component_ref idref="oc-155"/>
      </symbol>
      <symbol id="sm-456">
         <name>_nop</name>
         <value>0x3343</value>
         <object_component_ref idref="oc-1cb"/>
      </symbol>
      <symbol id="sm-457">
         <name>_lock</name>
         <value>0x20000ad4</value>
         <object_component_ref idref="oc-103"/>
      </symbol>
      <symbol id="sm-458">
         <name>_unlock</name>
         <value>0x20000ad8</value>
         <object_component_ref idref="oc-103"/>
      </symbol>
      <symbol id="sm-459">
         <name>_register_lock</name>
         <value>0x333b</value>
         <object_component_ref idref="oc-1cb"/>
      </symbol>
      <symbol id="sm-45a">
         <name>_register_unlock</name>
         <value>0x3335</value>
         <object_component_ref idref="oc-1cb"/>
      </symbol>
      <symbol id="sm-46d">
         <name>_args_main</name>
         <value>0x32dd</value>
         <object_component_ref idref="oc-3f"/>
      </symbol>
      <symbol id="sm-489">
         <name>__TI_auto_init</name>
         <value>0x2b91</value>
         <object_component_ref idref="oc-3b"/>
      </symbol>
      <symbol id="sm-4a1">
         <name>copy_in</name>
         <value>0x3059</value>
         <object_component_ref idref="oc-f6"/>
      </symbol>
      <symbol id="sm-4d9">
         <name>UARTConfigSetExpClk</name>
         <value>0x30e1</value>
         <object_component_ref idref="oc-141"/>
      </symbol>
      <symbol id="sm-4da">
         <name>UARTDisable</name>
         <value>0x32c1</value>
         <object_component_ref idref="oc-1ea"/>
      </symbol>
      <symbol id="sm-4db">
         <name>UARTCharPut</name>
         <value>0x345f</value>
         <object_component_ref idref="oc-149"/>
      </symbol>
      <symbol id="sm-4dc">
         <name>UARTEnable</name>
         <value>0x3321</value>
         <object_component_ref idref="oc-145"/>
      </symbol>
      <symbol id="sm-4dd">
         <name>UARTCharGet</name>
         <value>0x3455</value>
         <object_component_ref idref="oc-14d"/>
      </symbol>
      <symbol id="sm-522">
         <name>TimerLoadSet</name>
         <value>0x3391</value>
         <object_component_ref idref="oc-ad"/>
      </symbol>
      <symbol id="sm-523">
         <name>TimerIntRegister</name>
         <value>0x3165</value>
         <object_component_ref idref="oc-191"/>
      </symbol>
      <symbol id="sm-524">
         <name>TimerEnable</name>
         <value>0x33e1</value>
         <object_component_ref idref="oc-b5"/>
      </symbol>
      <symbol id="sm-525">
         <name>TimerIntEnable</name>
         <value>0x3469</value>
         <object_component_ref idref="oc-b1"/>
      </symbol>
      <symbol id="sm-526">
         <name>TimerConfigure</name>
         <value>0x3259</value>
         <object_component_ref idref="oc-a9"/>
      </symbol>
      <symbol id="sm-527">
         <name>TimerIntClear</name>
         <value>0x3483</value>
         <object_component_ref idref="oc-b9"/>
      </symbol>
      <symbol id="sm-544">
         <name>SysTickEnable</name>
         <value>0x330d</value>
         <object_component_ref idref="oc-1a2"/>
      </symbol>
      <symbol id="sm-545">
         <name>SysTickValueGet</name>
         <value>0x3415</value>
         <object_component_ref idref="oc-1a6"/>
      </symbol>
      <symbol id="sm-546">
         <name>SysTickPeriodSet</name>
         <value>0x33b5</value>
         <object_component_ref idref="oc-19e"/>
      </symbol>
      <symbol id="sm-5c9">
         <name>SysCtlPeripheralPresent</name>
         <value>0x2cad</value>
         <object_component_ref idref="oc-13d"/>
      </symbol>
      <symbol id="sm-5ca">
         <name>SysCtlClockSet</name>
         <value>0x2549</value>
         <object_component_ref idref="oc-16b"/>
      </symbol>
      <symbol id="sm-5cb">
         <name>SysCtlDelay</name>
         <value>0x3477</value>
         <object_component_ref idref="oc-8b"/>
      </symbol>
      <symbol id="sm-5cc">
         <name>SysCtlPeripheralEnable</name>
         <value>0x2f2d</value>
         <object_component_ref idref="oc-6b"/>
      </symbol>
      <symbol id="sm-5cd">
         <name>SysCtlClockGet</name>
         <value>0x2221</value>
         <object_component_ref idref="oc-87"/>
      </symbol>
      <symbol id="sm-615">
         <name>IntEnable</name>
         <value>0x2e69</value>
         <object_component_ref idref="oc-83"/>
      </symbol>
      <symbol id="sm-616">
         <name>IntDisable</name>
         <value>0x2e05</value>
         <object_component_ref idref="oc-8c"/>
      </symbol>
      <symbol id="sm-617">
         <name>IntRegister</name>
         <value>0x319d</value>
         <object_component_ref idref="oc-212"/>
      </symbol>
      <symbol id="sm-618">
         <name>g_pfnRAMVectors</name>
         <value>0x20000000</value>
         <object_component_ref idref="oc-24b"/>
      </symbol>
      <symbol id="sm-619">
         <name>IntMasterEnable</name>
         <value>0x344b</value>
         <object_component_ref idref="oc-1b4"/>
      </symbol>
      <symbol id="sm-693">
         <name>GPIOPinIntClear</name>
         <value>0x3471</value>
         <object_component_ref idref="oc-90"/>
      </symbol>
      <symbol id="sm-694">
         <name>GPIOPinConfigure</name>
         <value>0x2f85</value>
         <object_component_ref idref="oc-226"/>
      </symbol>
      <symbol id="sm-695">
         <name>GPIOPinIntDisable</name>
         <value>0x33d3</value>
         <object_component_ref idref="oc-94"/>
      </symbol>
      <symbol id="sm-696">
         <name>GPIOIntTypeSet</name>
         <value>0x3015</value>
         <object_component_ref idref="oc-7b"/>
      </symbol>
      <symbol id="sm-697">
         <name>GPIOPinTypeADC</name>
         <value>0x3349</value>
         <object_component_ref idref="oc-16f"/>
      </symbol>
      <symbol id="sm-698">
         <name>GPIOPinTypeGPIOInput</name>
         <value>0x335b</value>
         <object_component_ref idref="oc-73"/>
      </symbol>
      <symbol id="sm-699">
         <name>GPIOPinIntEnable</name>
         <value>0x3409</value>
         <object_component_ref idref="oc-7f"/>
      </symbol>
      <symbol id="sm-69a">
         <name>GPIOPinTypeUART</name>
         <value>0x337f</value>
         <object_component_ref idref="oc-22a"/>
      </symbol>
      <symbol id="sm-69b">
         <name>GPIOPinTypeGPIOOutput</name>
         <value>0x336d</value>
         <object_component_ref idref="oc-6f"/>
      </symbol>
      <symbol id="sm-69c">
         <name>GPIOPinRead</name>
         <value>0x3437</value>
         <object_component_ref idref="oc-bd"/>
      </symbol>
      <symbol id="sm-69d">
         <name>GPIODirModeSet</name>
         <value>0x31ff</value>
         <object_component_ref idref="oc-129"/>
      </symbol>
      <symbol id="sm-69e">
         <name>GPIOPinWrite</name>
         <value>0x3441</value>
         <object_component_ref idref="oc-77"/>
      </symbol>
      <symbol id="sm-69f">
         <name>GPIOPadConfigSet</name>
         <value>0x2a2d</value>
         <object_component_ref idref="oc-125"/>
      </symbol>
      <symbol id="sm-6a7">
         <name>CPUcpsie</name>
         <value>0x33fd</value>
         <object_component_ref idref="oc-230"/>
      </symbol>
      <symbol id="sm-6e3">
         <name>ADCProcessorTrigger</name>
         <value>0x32f5</value>
         <object_component_ref idref="oc-183"/>
      </symbol>
      <symbol id="sm-6e4">
         <name>ADCSequenceEnable</name>
         <value>0x33c5</value>
         <object_component_ref idref="oc-17b"/>
      </symbol>
      <symbol id="sm-6e5">
         <name>ADCSequenceConfigure</name>
         <value>0x322d</value>
         <object_component_ref idref="oc-173"/>
      </symbol>
      <symbol id="sm-6e6">
         <name>ADCSequenceStepConfigure</name>
         <value>0x2d99</value>
         <object_component_ref idref="oc-177"/>
      </symbol>
      <symbol id="sm-6e7">
         <name>ADCIntClear</name>
         <value>0x342d</value>
         <object_component_ref idref="oc-17f"/>
      </symbol>
      <symbol id="sm-6e8">
         <name>ADCIntStatus</name>
         <value>0x31d1</value>
         <object_component_ref idref="oc-187"/>
      </symbol>
      <symbol id="sm-6e9">
         <name>ADCSequenceDataGet</name>
         <value>0x3281</value>
         <object_component_ref idref="oc-18b"/>
      </symbol>
      <symbol id="sm-6ea">
         <name>__TI_static_base__</name>
         <value>0x0</value>
      </symbol>
      <symbol id="sm-6eb">
         <name>__TI_args_main</name>
         <value>0x1</value>
      </symbol>
      <symbol id="sm-6ec">
         <name>SHT$$INIT_ARRAY$$Limit</name>
         <value>0x0</value>
      </symbol>
      <symbol id="sm-6ed">
         <name>SHT$$INIT_ARRAY$$Base</name>
         <value>0x0</value>
      </symbol>
   </symbol_table>
   <title>Link successful</title>
</link_info>
